// Jest Snapshot v1, https://goo.gl/fbAQLP

exports[`should render correctly 1`] = `
Array [
  <div
    className="map-navigation__header"
  >
    <div
      className="bp3-dark appName"
    >
      <span
        className="appName-title"
      >
        <img
          alt="Cartenmain"
          className="appName-title-logo"
          src="Cart_en_main.png"
        />
      </span>
    </div>
  </div>,
  <div
    className="map-navigation__content"
    id="map-navigation__content-42"
  />,
  "LayerTree Button",
  <div
    className="map-navigation__header"
  >
    <div
      className="bp3-dark appName"
    >
      <span
        className="appName-title"
      >
        <img
          alt="Cartenmain"
          className="appName-title-logo"
          src="Cart_en_main.png"
        />
      </span>
    </div>
  </div>,
  <div
    className="map-navigation__content"
    id="map-navigation__content-42"
  />,
  "LayerTree Button",
]
`;
